Scraping 1 article with url: https://galicjaexpress.pl/ford-c-max-jaki-silnik-benzynowy-wybrac-aby-zaoszczedzic-na-paliwie...
Starting new HTTPS connection (1): galicjaexpress.pl:443
https://galicjaexpress.pl:443 "GET /ford-c-max-jaki-silnik-benzynowy-wybrac-aby-zaoszczedzic-na-paliwie HTTP/1.1" 200 None
Scraping 1 article with url: https://galicjaexpress.pl/bmw-e9-30-cs-szczegolowe-informacje-o-osiagach-i-historii-modelu...
https://galicjaexpress.pl:443 "GET /bmw-e9-30-cs-szczegolowe-informacje-o-osiagach-i-historii-modelu HTTP/1.1" 200 None
Scraping 1 article with url: https://take-group.github.io/example-blog-without-ssr/jak-kroic-piers-z-kurczaka-aby-uniknac-suchych-kawalkow-miesa...
Starting new HTTPS connection (1): take-group.github.io:443
https://take-group.github.io:443 "GET /example-blog-without-ssr/jak-kroic-piers-z-kurczaka-aby-uniknac-suchych-kawalkow-miesa HTTP/1.1" 200 2763
Scraping 1 article with url: https://take-group.github.io/example-blog-without-ssr/co-mozna-zrobic-ze-schabu-oprocz-kotletow-5-zaskakujacych-przepisow...
https://take-group.github.io:443 "GET /example-blog-without-ssr/co-mozna-zrobic-ze-schabu-oprocz-kotletow-5-zaskakujacych-przepisow HTTP/1.1" 200 2784
Scraping 1 article with url: https://galicjaexpress.pl/ford-c-max-jaki-silnik-benzynowy-wybrac-aby-zaoszczedzic-na-paliwie...
Starting new HTTPS connection (1): galicjaexpress.pl:443
https://galicjaexpress.pl:443 "GET /ford-c-max-jaki-silnik-benzynowy-wybrac-aby-zaoszczedzic-na-paliwie HTTP/1.1" 200 None
Scraping 1 article with url: https://galicjaexpress.pl/bmw-e9-30-cs-szczegolowe-informacje-o-osiagach-i-historii-modelu...
https://galicjaexpress.pl:443 "GET /bmw-e9-30-cs-szczegolowe-informacje-o-osiagach-i-historii-modelu HTTP/1.1" 200 None
Scraping 1 article with url: https://take-group.github.io/example-blog-without-ssr/jak-kroic-piers-z-kurczaka-aby-uniknac-suchych-kawalkow-miesa...
Starting new HTTPS connection (1): take-group.github.io:443
https://take-group.github.io:443 "GET /example-blog-without-ssr/jak-kroic-piers-z-kurczaka-aby-uniknac-suchych-kawalkow-miesa HTTP/1.1" 200 2763
Using proactor: IocpProactor
Scraping 1 article with url: https://take-group.github.io/example-blog-without-ssr/co-mozna-zrobic-ze-schabu-oprocz-kotletow-5-zaskakujacych-przepisow...
https://take-group.github.io:443 "GET /example-blog-without-ssr/co-mozna-zrobic-ze-schabu-oprocz-kotletow-5-zaskakujacych-przepisow HTTP/1.1" 200 2784
Using proactor: IocpProactor
Scraping 1/4 article with url: https://galicjaexpress.pl/ford-c-max-jaki-silnik-benzynowy-wybrac-aby-zaoszczedzic-na-paliwie...
Starting new HTTPS connection (1): galicjaexpress.pl:443
https://galicjaexpress.pl:443 "GET /ford-c-max-jaki-silnik-benzynowy-wybrac-aby-zaoszczedzic-na-paliwie HTTP/1.1" 200 None
Scraping 1/4 article with url: https://galicjaexpress.pl/bmw-e9-30-cs-szczegolowe-informacje-o-osiagach-i-historii-modelu...
https://galicjaexpress.pl:443 "GET /bmw-e9-30-cs-szczegolowe-informacje-o-osiagach-i-historii-modelu HTTP/1.1" 200 None
Scraping 1/4 article with url: https://take-group.github.io/example-blog-without-ssr/jak-kroic-piers-z-kurczaka-aby-uniknac-suchych-kawalkow-miesa...
Starting new HTTPS connection (1): take-group.github.io:443
https://take-group.github.io:443 "GET /example-blog-without-ssr/jak-kroic-piers-z-kurczaka-aby-uniknac-suchych-kawalkow-miesa HTTP/1.1" 200 2763
Using proactor: IocpProactor
Scraping 1/4 article with url: https://take-group.github.io/example-blog-without-ssr/co-mozna-zrobic-ze-schabu-oprocz-kotletow-5-zaskakujacych-przepisow...
https://take-group.github.io:443 "GET /example-blog-without-ssr/co-mozna-zrobic-ze-schabu-oprocz-kotletow-5-zaskakujacych-przepisow HTTP/1.1" 200 2784
Using proactor: IocpProactor
Scraping 1/4 article with url: https://galicjaexpress.pl/ford-c-max-jaki-silnik-benzynowy-wybrac-aby-zaoszczedzic-na-paliwie...
Starting new HTTPS connection (1): galicjaexpress.pl:443
https://galicjaexpress.pl:443 "GET /ford-c-max-jaki-silnik-benzynowy-wybrac-aby-zaoszczedzic-na-paliwie HTTP/1.1" 200 None
Scraping 1/4 article with url: https://galicjaexpress.pl/bmw-e9-30-cs-szczegolowe-informacje-o-osiagach-i-historii-modelu...
https://galicjaexpress.pl:443 "GET /bmw-e9-30-cs-szczegolowe-informacje-o-osiagach-i-historii-modelu HTTP/1.1" 200 None
Scraping 1/4 article with url: https://take-group.github./example-blog-without-ssr/jak-kroic-piers-z-kurczaka-aby-uniknac-suchych-kawalkow-miesa...
Starting new HTTPS connection (1): take-group.github.:443
Incremented Retry for (url='/example-blog-without-ssr/jak-kroic-piers-z-kurczaka-aby-uniknac-suchych-kawalkow-miesa'): Retry(total=2, connect=None, read=None, redirect=None, status=None)
Retrying (Retry(total=2, connect=None, read=None, redirect=None, status=None)) after connection broken by 'NameResolutionError("<urllib3.connection.HTTPSConnection object at 0x000001DF71A66CF0>: Failed to resolve 'take-group.github' ([Errno 11001] getaddrinfo failed)")': /example-blog-without-ssr/jak-kroic-piers-z-kurczaka-aby-uniknac-suchych-kawalkow-miesa
Starting new HTTPS connection (2): take-group.github.:443
Incremented Retry for (url='/example-blog-without-ssr/jak-kroic-piers-z-kurczaka-aby-uniknac-suchych-kawalkow-miesa'): Retry(total=1, connect=None, read=None, redirect=None, status=None)
Retrying (Retry(total=1, connect=None, read=None, redirect=None, status=None)) after connection broken by 'NameResolutionError("<urllib3.connection.HTTPSConnection object at 0x000001DF71A67050>: Failed to resolve 'take-group.github' ([Errno 11001] getaddrinfo failed)")': /example-blog-without-ssr/jak-kroic-piers-z-kurczaka-aby-uniknac-suchych-kawalkow-miesa
Starting new HTTPS connection (3): take-group.github.:443
Incremented Retry for (url='/example-blog-without-ssr/jak-kroic-piers-z-kurczaka-aby-uniknac-suchych-kawalkow-miesa'): Retry(total=0, connect=None, read=None, redirect=None, status=None)
Retrying (Retry(total=0, connect=None, read=None, redirect=None, status=None)) after connection broken by 'NameResolutionError("<urllib3.connection.HTTPSConnection object at 0x000001DF71A671D0>: Failed to resolve 'take-group.github' ([Errno 11001] getaddrinfo failed)")': /example-blog-without-ssr/jak-kroic-piers-z-kurczaka-aby-uniknac-suchych-kawalkow-miesa
Starting new HTTPS connection (4): take-group.github.:443
Scraping 1/4 article with url: https://take-group.github.io/example-blog-without-ssr/co-mozna-zrobic-ze-schabu-oprocz-kotletow-5-zaskakujacych-przepisow...
Starting new HTTPS connection (1): take-group.github.io:443
https://take-group.github.io:443 "GET /example-blog-without-ssr/co-mozna-zrobic-ze-schabu-oprocz-kotletow-5-zaskakujacych-przepisow HTTP/1.1" 200 2784
Using proactor: IocpProactor
Scraping 1/4 article with url: https://galicjaexpress.pl/ford-c-max-jaki-silnik-benzynowy-wybrac-aby-zaoszczedzic-na-paliwie...
Scraping 1/4 article with url: https://galicjaexpress.pl/bmw-e9-30-cs-szczegolowe-informacje-o-osiagach-i-historii-modelu...
Scraping 1/4 article with url: https://take-group.github.io/example-blog-without-ssr/jak-kroic-piers-z-kurczaka-aby-uniknac-suchych-kawalkow-miesa...
Scraping 1/4 article with url: https://take-group.github.io/example-blog-without-ssr/co-mozna-zrobic-ze-schabu-oprocz-kotletow-5-zaskakujacych-przepisow...
Scraping 1/4 article with url: https://galicjaexpress.pl/ford-c-max-jaki-silnik-benzynowy-wybrac-aby-zaoszczedzic-na-paliwie...
Starting new HTTPS connection (1): galicjaexpress.pl:443
https://galicjaexpress.pl:443 "GET /ford-c-max-jaki-silnik-benzynowy-wybrac-aby-zaoszczedzic-na-paliwie HTTP/1.1" 200 None
Scraping 1/4 article with url: https://galicjaexpress.pl/bmw-e9-30-cs-szczegolowe-informacje-o-osiagach-i-historii-modelu...
https://galicjaexpress.pl:443 "GET /bmw-e9-30-cs-szczegolowe-informacje-o-osiagach-i-historii-modelu HTTP/1.1" 200 None
Scraping 1/4 article with url: https://take-group.github.io/example-blog-without-ssr/jak-kroic-piers-z-kurczaka-aby-uniknac-suchych-kawalkow-miesa...
Starting new HTTPS connection (1): take-group.github.io:443
https://take-group.github.io:443 "GET /example-blog-without-ssr/jak-kroic-piers-z-kurczaka-aby-uniknac-suchych-kawalkow-miesa HTTP/1.1" 200 2763
Using proactor: IocpProactor
Scraping 1/4 article with url: https://take-group.github.io/example-blog-without-ssr/co-mozna-zrobic-ze-schabu-oprocz-kotletow-5-zaskakujacych-przepisow...
https://take-group.github.io:443 "GET /example-blog-without-ssr/co-mozna-zrobic-ze-schabu-oprocz-kotletow-5-zaskakujacych-przepisow HTTP/1.1" 200 2784
Using proactor: IocpProactor
Scraping 1/4 article with url: https://galicjaexpress.pl/ford-c-max-jaki-silnik-benzynowy-wybrac-aby-zaoszczedzic-na-paliwie...
Starting new HTTPS connection (1): galicjaexpress.pl:443
https://galicjaexpress.pl:443 "GET /ford-c-max-jaki-silnik-benzynowy-wybrac-aby-zaoszczedzic-na-paliwie HTTP/1.1" 200 None
Scraping 2/4 article with url: https://galicjaexpress.pl/bmw-e9-30-cs-szczegolowe-informacje-o-osiagach-i-historii-modelu...
https://galicjaexpress.pl:443 "GET /bmw-e9-30-cs-szczegolowe-informacje-o-osiagach-i-historii-modelu HTTP/1.1" 200 None
Scraping 3/4 article with url: https://take-group.github.io/example-blog-without-ssr/jak-kroic-piers-z-kurczaka-aby-uniknac-suchych-kawalkow-miesa...
Starting new HTTPS connection (1): take-group.github.io:443
https://take-group.github.io:443 "GET /example-blog-without-ssr/jak-kroic-piers-z-kurczaka-aby-uniknac-suchych-kawalkow-miesa HTTP/1.1" 200 2763
Using proactor: IocpProactor
Scraping 4/4 article with url: https://take-group.github.io/example-blog-without-ssr/co-mozna-zrobic-ze-schabu-oprocz-kotletow-5-zaskakujacych-przepisow...
https://take-group.github.io:443 "GET /example-blog-without-ssr/co-mozna-zrobic-ze-schabu-oprocz-kotletow-5-zaskakujacych-przepisow HTTP/1.1" 200 2784
Using proactor: IocpProactor
Scraping 1/4 article with url: https://galicjaexpress.pl/ford-c-max-jaki-silnik-benzynowy-wybrac-aby-zaoszczedzic-na-paliwie...
Scraping 2/4 article with url: https://galicjaexpress.pl/bmw-e9-30-cs-szczegolowe-informacje-o-osiagach-i-historii-modelu...
Scraping 3/4 article with url: https://take-group.github.io/example-blog-without-ssr/jak-kroic-piers-z-kurczaka-aby-uniknac-suchych-kawalkow-miesa...
Scraping 4/4 article with url: https://take-group.github.io/example-blog-without-ssr/co-mozna-zrobic-ze-schabu-oprocz-kotletow-5-zaskakujacych-przepisow...
Watching for file changes with StatReloader
C:\Projects\Python\article_scraper\article_scraper\settings.py changed, reloading.
Watching for file changes with StatReloader
C:\Projects\Python\article_scraper\articles_api\models.py changed, reloading.
Watching for file changes with StatReloader
Watching for file changes with StatReloader
C:\Projects\Python\article_scraper\articles_api\urls.py changed, reloading.
Watching for file changes with StatReloader
C:\Projects\Python\article_scraper\article_scraper\urls.py changed, reloading.
Watching for file changes with StatReloader
Watching for file changes with StatReloader
Not Found: /
Not Found: /favicon.ico
Not Found: /articles
C:\Projects\Python\article_scraper\article_scraper\urls.py changed, reloading.
Watching for file changes with StatReloader
C:\Projects\Python\article_scraper\article_scraper\urls.py changed, reloading.
Watching for file changes with StatReloader
C:\Projects\Python\article_scraper\article_scraper\urls.py changed, reloading.
Watching for file changes with StatReloader
Not Found: /articles
Not Found: /articles
C:\Projects\Python\article_scraper\articles_api\urls.py changed, reloading.
Watching for file changes with StatReloader
Internal Server Error: /articles/
Traceback (most recent call last):
  File "C:\DevTools\anaconda3\envs\scraper\Lib\site-packages\django\core\handlers\exception.py", line 55, in inner
    response = get_response(request)
               ^^^^^^^^^^^^^^^^^^^^^
  File "C:\DevTools\anaconda3\envs\scraper\Lib\site-packages\django\core\handlers\base.py", line 220, in _get_response
    response = response.render()
               ^^^^^^^^^^^^^^^^^
  File "C:\DevTools\anaconda3\envs\scraper\Lib\site-packages\django\template\response.py", line 114, in render
    self.content = self.rendered_content
                   ^^^^^^^^^^^^^^^^^^^^^
  File "C:\DevTools\anaconda3\envs\scraper\Lib\site-packages\rest_framework\response.py", line 74, in rendered_content
    ret = renderer.render(self.data, accepted_media_type, context)
          ^^^^^^^^^^^^^^^^^^^^^^^^^^^^^^^^^^^^^^^^^^^^^^^^^^^^^^^^
  File "C:\DevTools\anaconda3\envs\scraper\Lib\site-packages\rest_framework\renderers.py", line 730, in render
    template = loader.get_template(self.template)
               ^^^^^^^^^^^^^^^^^^^^^^^^^^^^^^^^^^
  File "C:\DevTools\anaconda3\envs\scraper\Lib\site-packages\django\template\loader.py", line 19, in get_template
    raise TemplateDoesNotExist(template_name, chain=chain)
django.template.exceptions.TemplateDoesNotExist: rest_framework/api.html
C:\Projects\Python\article_scraper\articles_api\urls.py changed, reloading.
Watching for file changes with StatReloader
C:\Projects\Python\article_scraper\articles_api\urls.py changed, reloading.
Watching for file changes with StatReloader
C:\Projects\Python\article_scraper\articles_api\urls.py changed, reloading.
Watching for file changes with StatReloader
Internal Server Error: /articles/
Traceback (most recent call last):
  File "C:\DevTools\anaconda3\envs\scraper\Lib\site-packages\django\core\handlers\exception.py", line 55, in inner
    response = get_response(request)
               ^^^^^^^^^^^^^^^^^^^^^
  File "C:\DevTools\anaconda3\envs\scraper\Lib\site-packages\django\core\handlers\base.py", line 220, in _get_response
    response = response.render()
               ^^^^^^^^^^^^^^^^^
  File "C:\DevTools\anaconda3\envs\scraper\Lib\site-packages\django\template\response.py", line 114, in render
    self.content = self.rendered_content
                   ^^^^^^^^^^^^^^^^^^^^^
  File "C:\DevTools\anaconda3\envs\scraper\Lib\site-packages\rest_framework\response.py", line 74, in rendered_content
    ret = renderer.render(self.data, accepted_media_type, context)
          ^^^^^^^^^^^^^^^^^^^^^^^^^^^^^^^^^^^^^^^^^^^^^^^^^^^^^^^^
  File "C:\DevTools\anaconda3\envs\scraper\Lib\site-packages\rest_framework\renderers.py", line 730, in render
    template = loader.get_template(self.template)
               ^^^^^^^^^^^^^^^^^^^^^^^^^^^^^^^^^^
  File "C:\DevTools\anaconda3\envs\scraper\Lib\site-packages\django\template\loader.py", line 19, in get_template
    raise TemplateDoesNotExist(template_name, chain=chain)
django.template.exceptions.TemplateDoesNotExist: rest_framework/api.html
C:\Projects\Python\article_scraper\article_scraper\settings.py changed, reloading.
Watching for file changes with StatReloader
C:\Projects\Python\article_scraper\article_scraper\settings.py changed, reloading.
Watching for file changes with StatReloader
Watching for file changes with StatReloader
C:\Projects\Python\article_scraper\article_scraper\settings.py changed, reloading.
Watching for file changes with StatReloader
C:\Projects\Python\article_scraper\articles_api\views.py changed, reloading.
Watching for file changes with StatReloader
C:\Projects\Python\article_scraper\article_scraper\settings.py changed, reloading.
Watching for file changes with StatReloader
Scraping 4 article(s)...
Scraping 1/4 article with url: https://galicjaexpress.pl/ford-c-max-jaki-silnik-benzynowy-wybrac-aby-zaoszczedzic-na-paliwie...
Starting new HTTPS connection (1): galicjaexpress.pl:443
https://galicjaexpress.pl:443 "GET /ford-c-max-jaki-silnik-benzynowy-wybrac-aby-zaoszczedzic-na-paliwie HTTP/1.1" 200 None
url=https://galicjaexpress.pl/ford-c-max-jaki-silnik-benzynowy-wybrac-aby-zaoszczedzic-na-paliwie reason="LANGUAGES" is not a valid setting
Scraping 2/4 article with url: https://galicjaexpress.pl/bmw-e9-30-cs-szczegolowe-informacje-o-osiagach-i-historii-modelu...
https://galicjaexpress.pl:443 "GET /bmw-e9-30-cs-szczegolowe-informacje-o-osiagach-i-historii-modelu HTTP/1.1" 200 None
url=https://galicjaexpress.pl/bmw-e9-30-cs-szczegolowe-informacje-o-osiagach-i-historii-modelu reason="LANGUAGES" is not a valid setting
Scraping 3/4 article with url: https://take-group.github.io/example-blog-without-ssr/jak-kroic-piers-z-kurczaka-aby-uniknac-suchych-kawalkow-miesa...
Starting new HTTPS connection (1): take-group.github.io:443
https://take-group.github.io:443 "GET /example-blog-without-ssr/jak-kroic-piers-z-kurczaka-aby-uniknac-suchych-kawalkow-miesa HTTP/1.1" 200 2763
url=https://take-group.github.io/example-blog-without-ssr/jak-kroic-piers-z-kurczaka-aby-uniknac-suchych-kawalkow-miesa reason="LANGUAGES" is not a valid setting
Scraping 4/4 article with url: https://take-group.github.io/example-blog-without-ssr/co-mozna-zrobic-ze-schabu-oprocz-kotletow-5-zaskakujacych-przepisow...
https://take-group.github.io:443 "GET /example-blog-without-ssr/co-mozna-zrobic-ze-schabu-oprocz-kotletow-5-zaskakujacych-przepisow HTTP/1.1" 200 2784
url=https://take-group.github.io/example-blog-without-ssr/co-mozna-zrobic-ze-schabu-oprocz-kotletow-5-zaskakujacych-przepisow reason="LANGUAGES" is not a valid setting
Done. Created: 0, Skipped: 0, Failed: 4, Total: 4
Scraping 4 article(s)...
Scraping 1/4 article with url: https://galicjaexpress.pl/ford-c-max-jaki-silnik-benzynowy-wybrac-aby-zaoszczedzic-na-paliwie...
Starting new HTTPS connection (1): galicjaexpress.pl:443
https://galicjaexpress.pl:443 "GET /ford-c-max-jaki-silnik-benzynowy-wybrac-aby-zaoszczedzic-na-paliwie HTTP/1.1" 200 None
url=https://galicjaexpress.pl/ford-c-max-jaki-silnik-benzynowy-wybrac-aby-zaoszczedzic-na-paliwie reason="LANGUAGES" is not a valid setting
Scraping 2/4 article with url: https://galicjaexpress.pl/bmw-e9-30-cs-szczegolowe-informacje-o-osiagach-i-historii-modelu...
https://galicjaexpress.pl:443 "GET /bmw-e9-30-cs-szczegolowe-informacje-o-osiagach-i-historii-modelu HTTP/1.1" 200 None
url=https://galicjaexpress.pl/bmw-e9-30-cs-szczegolowe-informacje-o-osiagach-i-historii-modelu reason="LANGUAGES" is not a valid setting
Scraping 3/4 article with url: https://take-group.github.io/example-blog-without-ssr/jak-kroic-piers-z-kurczaka-aby-uniknac-suchych-kawalkow-miesa...
Starting new HTTPS connection (1): take-group.github.io:443
https://take-group.github.io:443 "GET /example-blog-without-ssr/jak-kroic-piers-z-kurczaka-aby-uniknac-suchych-kawalkow-miesa HTTP/1.1" 200 2763
url=https://take-group.github.io/example-blog-without-ssr/jak-kroic-piers-z-kurczaka-aby-uniknac-suchych-kawalkow-miesa reason="LANGUAGES" is not a valid setting
Scraping 4/4 article with url: https://take-group.github.io/example-blog-without-ssr/co-mozna-zrobic-ze-schabu-oprocz-kotletow-5-zaskakujacych-przepisow...
https://take-group.github.io:443 "GET /example-blog-without-ssr/co-mozna-zrobic-ze-schabu-oprocz-kotletow-5-zaskakujacych-przepisow HTTP/1.1" 200 2784
url=https://take-group.github.io/example-blog-without-ssr/co-mozna-zrobic-ze-schabu-oprocz-kotletow-5-zaskakujacych-przepisow reason="LANGUAGES" is not a valid setting
Done. Created: 0, Skipped: 0, Failed: 4, Total: 4
Scraping 4 article(s)...
Scraping 1/4 article with url: https://galicjaexpress.pl/ford-c-max-jaki-silnik-benzynowy-wybrac-aby-zaoszczedzic-na-paliwie...
Scraping 2/4 article with url: https://galicjaexpress.pl/bmw-e9-30-cs-szczegolowe-informacje-o-osiagach-i-historii-modelu...
Scraping 3/4 article with url: https://take-group.github.io/example-blog-without-ssr/jak-kroic-piers-z-kurczaka-aby-uniknac-suchych-kawalkow-miesa...
Scraping 4/4 article with url: https://take-group.github.io/example-blog-without-ssr/co-mozna-zrobic-ze-schabu-oprocz-kotletow-5-zaskakujacych-przepisow...
Done. Created: 0, Skipped: 4, Failed: 0, Total: 4
Scraping 4 article(s)...
Scraping 1/4 article with url: https://galicjaexpress.pl/ford-c-max-jaki-silnik-benzynowy-wybrac-aby-zaoszczedzic-na-paliwie...
Scraping 2/4 article with url: https://galicjaexpress.pl/bmw-e9-30-cs-szczegolowe-informacje-o-osiagach-i-historii-modelu...
Scraping 3/4 article with url: https://take-group.github.io/example-blog-without-ssr/jak-kroic-piers-z-kurczaka-aby-uniknac-suchych-kawalkow-miesa...
Scraping 4/4 article with url: https://take-group.github.io/example-blog-without-ssr/co-mozna-zrobic-ze-schabu-oprocz-kotletow-5-zaskakujacych-przepisow...
Done. Created: 0, Skipped: 4, Failed: 0, Total: 4
Scraping 4 article(s)...
Scraping 1/4 article with url: https://galicjaexpress.pl/ford-c-max-jaki-silnik-benzynowy-wybrac-aby-zaoszczedzic-na-paliwie...
Starting new HTTPS connection (1): galicjaexpress.pl:443
https://galicjaexpress.pl:443 "GET /ford-c-max-jaki-silnik-benzynowy-wybrac-aby-zaoszczedzic-na-paliwie HTTP/1.1" 200 None
Scraping 2/4 article with url: https://galicjaexpress.pl/bmw-e9-30-cs-szczegolowe-informacje-o-osiagach-i-historii-modelu...
https://galicjaexpress.pl:443 "GET /bmw-e9-30-cs-szczegolowe-informacje-o-osiagach-i-historii-modelu HTTP/1.1" 200 None
Scraping 3/4 article with url: https://take-group.github.io/example-blog-without-ssr/jak-kroic-piers-z-kurczaka-aby-uniknac-suchych-kawalkow-miesa...
Starting new HTTPS connection (1): take-group.github.io:443
https://take-group.github.io:443 "GET /example-blog-without-ssr/jak-kroic-piers-z-kurczaka-aby-uniknac-suchych-kawalkow-miesa HTTP/1.1" 200 2763
Using proactor: IocpProactor
Scraping 4/4 article with url: https://take-group.github.io/example-blog-without-ssr/co-mozna-zrobic-ze-schabu-oprocz-kotletow-5-zaskakujacych-przepisow...
https://take-group.github.io:443 "GET /example-blog-without-ssr/co-mozna-zrobic-ze-schabu-oprocz-kotletow-5-zaskakujacych-przepisow HTTP/1.1" 200 2784
Using proactor: IocpProactor
Done. Created: 4, Skipped: 0, Failed: 0, Total: 4
Scraping 4 article(s)...
Scraping 1/4 article with url: https://galicjaexpress.pl/ford-c-max-jaki-silnik-benzynowy-wybrac-aby-zaoszczedzic-na-paliwie...
Starting new HTTPS connection (1): galicjaexpress.pl:443
https://galicjaexpress.pl:443 "GET /ford-c-max-jaki-silnik-benzynowy-wybrac-aby-zaoszczedzic-na-paliwie HTTP/1.1" 200 None
Scraping 2/4 article with url: https://galicjaexpress.pl/bmw-e9-30-cs-szczegolowe-informacje-o-osiagach-i-historii-modelu...
https://galicjaexpress.pl:443 "GET /bmw-e9-30-cs-szczegolowe-informacje-o-osiagach-i-historii-modelu HTTP/1.1" 200 None
Scraping 3/4 article with url: https://take-group.github.io/example-blog-without-ssr/jak-kroic-piers-z-kurczaka-aby-uniknac-suchych-kawalkow-miesa...
Starting new HTTPS connection (1): take-group.github.io:443
https://take-group.github.io:443 "GET /example-blog-without-ssr/jak-kroic-piers-z-kurczaka-aby-uniknac-suchych-kawalkow-miesa HTTP/1.1" 200 2763
Using proactor: IocpProactor
Scraping 4/4 article with url: https://take-group.github.io/example-blog-without-ssr/co-mozna-zrobic-ze-schabu-oprocz-kotletow-5-zaskakujacych-przepisow...
https://take-group.github.io:443 "GET /example-blog-without-ssr/co-mozna-zrobic-ze-schabu-oprocz-kotletow-5-zaskakujacych-przepisow HTTP/1.1" 200 2784
Using proactor: IocpProactor
Done. Created: 4, Skipped: 0, Failed: 0, Total: 4
Scraping 4 article(s)...
Scraping 1/4 article with url: https://galicjaexpress.pl/ford-c-max-jaki-silnik-benzynowy-wybrac-aby-zaoszczedzic-na-paliwie...
Starting new HTTPS connection (1): galicjaexpress.pl:443
https://galicjaexpress.pl:443 "GET /ford-c-max-jaki-silnik-benzynowy-wybrac-aby-zaoszczedzic-na-paliwie HTTP/1.1" 200 None
Scraping 2/4 article with url: https://galicjaexpress.pl/bmw-e9-30-cs-szczegolowe-informacje-o-osiagach-i-historii-modelu...
https://galicjaexpress.pl:443 "GET /bmw-e9-30-cs-szczegolowe-informacje-o-osiagach-i-historii-modelu HTTP/1.1" 200 None
Scraping 3/4 article with url: https://take-group.github.io/example-blog-without-ssr/jak-kroic-piers-z-kurczaka-aby-uniknac-suchych-kawalkow-miesa...
Starting new HTTPS connection (1): take-group.github.io:443
https://take-group.github.io:443 "GET /example-blog-without-ssr/jak-kroic-piers-z-kurczaka-aby-uniknac-suchych-kawalkow-miesa HTTP/1.1" 200 2763
Using proactor: IocpProactor
Scraping 4/4 article with url: https://take-group.github.io/example-blog-without-ssr/co-mozna-zrobic-ze-schabu-oprocz-kotletow-5-zaskakujacych-przepisow...
https://take-group.github.io:443 "GET /example-blog-without-ssr/co-mozna-zrobic-ze-schabu-oprocz-kotletow-5-zaskakujacych-przepisow HTTP/1.1" 200 2784
Using proactor: IocpProactor
Done. Created: 4, Skipped: 0, Failed: 0, Total: 4
Scraping 4 article(s)...
Scraping 1/4 article with url: https://galicjaexpress.pl/ford-c-max-jaki-silnik-benzynowy-wybrac-aby-zaoszczedzic-na-paliwie...
Starting new HTTPS connection (1): galicjaexpress.pl:443
https://galicjaexpress.pl:443 "GET /ford-c-max-jaki-silnik-benzynowy-wybrac-aby-zaoszczedzic-na-paliwie HTTP/1.1" 200 None
Scraping 2/4 article with url: https://galicjaexpress.pl/bmw-e9-30-cs-szczegolowe-informacje-o-osiagach-i-historii-modelu...
https://galicjaexpress.pl:443 "GET /bmw-e9-30-cs-szczegolowe-informacje-o-osiagach-i-historii-modelu HTTP/1.1" 200 None
Scraping 3/4 article with url: https://take-group.github.io/example-blog-without-ssr/jak-kroic-piers-z-kurczaka-aby-uniknac-suchych-kawalkow-miesa...
Starting new HTTPS connection (1): take-group.github.io:443
https://take-group.github.io:443 "GET /example-blog-without-ssr/jak-kroic-piers-z-kurczaka-aby-uniknac-suchych-kawalkow-miesa HTTP/1.1" 200 2763
Using proactor: IocpProactor
Scraping 4/4 article with url: https://take-group.github.io/example-blog-without-ssr/co-mozna-zrobic-ze-schabu-oprocz-kotletow-5-zaskakujacych-przepisow...
https://take-group.github.io:443 "GET /example-blog-without-ssr/co-mozna-zrobic-ze-schabu-oprocz-kotletow-5-zaskakujacych-przepisow HTTP/1.1" 200 2784
Using proactor: IocpProactor
Done. Created: 4, Skipped: 0, Failed: 0, Total: 4
Not Found: /static/rest_framework/css/bootstrap-tweaks.css
Not Found: /static/rest_framework/css/default.css
Not Found: /static/rest_framework/js/jquery-3.7.1.min.js
Not Found: /static/rest_framework/js/ajax-form.js
Not Found: /static/rest_framework/js/csrf.js
Not Found: /static/rest_framework/js/bootstrap.min.js
Not Found: /static/rest_framework/css/prettify.css
Not Found: /static/rest_framework/css/bootstrap.min.css
Not Found: /static/rest_framework/js/prettify-min.js
Not Found: /static/rest_framework/js/default.js
Not Found: /static/rest_framework/js/load-ajax-form.js
Not Found: /favicon.ico
Not Found: /static/rest_framework/css/bootstrap.min.css
Not Found: /static/rest_framework/css/bootstrap-tweaks.css
Not Found: /static/rest_framework/css/prettify.css
Not Found: /static/rest_framework/css/default.css
Not Found: /static/rest_framework/js/jquery-3.7.1.min.js
Not Found: /static/rest_framework/js/ajax-form.js
Not Found: /static/rest_framework/js/csrf.js
Not Found: /static/rest_framework/js/prettify-min.js
Not Found: /static/rest_framework/js/bootstrap.min.js
Not Found: /static/rest_framework/js/default.js
Not Found: /static/rest_framework/js/load-ajax-form.js
Not Found: /static/rest_framework/css/bootstrap.min.css
Not Found: /static/rest_framework/css/bootstrap-tweaks.css
Not Found: /static/rest_framework/css/prettify.css
Not Found: /static/rest_framework/css/default.css
Not Found: /static/rest_framework/js/jquery-3.7.1.min.js
Not Found: /static/rest_framework/js/ajax-form.js
Not Found: /static/rest_framework/js/csrf.js
Not Found: /static/rest_framework/js/bootstrap.min.js
Not Found: /static/rest_framework/js/prettify-min.js
Not Found: /static/rest_framework/js/default.js
Not Found: /static/rest_framework/js/load-ajax-form.js
Not Found: /static/rest_framework/css/bootstrap.min.css
Not Found: /static/rest_framework/css/bootstrap-tweaks.css
Not Found: /static/rest_framework/css/prettify.css
Not Found: /static/rest_framework/css/default.css
Not Found: /static/rest_framework/js/jquery-3.7.1.min.js
Not Found: /static/rest_framework/js/ajax-form.js
Not Found: /static/rest_framework/js/csrf.js
Not Found: /static/rest_framework/js/bootstrap.min.js
Not Found: /static/rest_framework/js/prettify-min.js
Not Found: /static/rest_framework/js/default.js
Not Found: /static/rest_framework/js/load-ajax-form.js
Not Found: /static/rest_framework/css/bootstrap.min.css
Not Found: /static/rest_framework/css/prettify.css
Not Found: /static/rest_framework/css/bootstrap-tweaks.css
Not Found: /static/rest_framework/css/default.css
Not Found: /static/rest_framework/js/jquery-3.7.1.min.js
Not Found: /static/rest_framework/js/ajax-form.js
Not Found: /static/rest_framework/js/csrf.js
Not Found: /static/rest_framework/js/prettify-min.js
Not Found: /static/rest_framework/js/bootstrap.min.js
Not Found: /static/rest_framework/js/default.js
Not Found: /static/rest_framework/js/load-ajax-form.js
Not Found: /static/rest_framework/css/bootstrap.min.css
Not Found: /static/rest_framework/css/bootstrap-tweaks.css
Not Found: /static/rest_framework/css/prettify.css
Not Found: /static/rest_framework/css/default.css
Not Found: /static/rest_framework/js/jquery-3.7.1.min.js
Not Found: /static/rest_framework/js/ajax-form.js
Not Found: /static/rest_framework/js/csrf.js
Not Found: /static/rest_framework/js/bootstrap.min.js
Not Found: /static/rest_framework/js/prettify-min.js
Not Found: /static/rest_framework/js/default.js
Not Found: /static/rest_framework/js/load-ajax-form.js
Not Found: /static/rest_framework/css/bootstrap-tweaks.css
Not Found: /static/rest_framework/css/default.css
Not Found: /static/rest_framework/js/jquery-3.7.1.min.js
Not Found: /static/rest_framework/js/ajax-form.js
Not Found: /static/rest_framework/js/csrf.js
Not Found: /static/rest_framework/js/bootstrap.min.js
Not Found: /static/rest_framework/css/bootstrap.min.css
Not Found: /static/rest_framework/js/prettify-min.js
Not Found: /static/rest_framework/css/prettify.css
Not Found: /static/rest_framework/js/default.js
Not Found: /static/rest_framework/js/load-ajax-form.js
Not Found: /static/rest_framework/css/bootstrap.min.css
Not Found: /static/rest_framework/css/prettify.css
Not Found: /static/rest_framework/css/default.css
Not Found: /static/rest_framework/js/jquery-3.7.1.min.js
Not Found: /static/rest_framework/js/ajax-form.js
Not Found: /static/rest_framework/js/csrf.js
Not Found: /static/rest_framework/js/bootstrap.min.js
Not Found: /static/rest_framework/js/prettify-min.js
Not Found: /static/rest_framework/js/default.js
Not Found: /static/rest_framework/js/load-ajax-form.js
Not Found: /static/rest_framework/css/bootstrap-tweaks.css
Not Found: /static/rest_framework/css/bootstrap.min.css
Not Found: /static/rest_framework/css/bootstrap-tweaks.css
Not Found: /static/rest_framework/css/default.css
Not Found: /static/rest_framework/css/prettify.css
Not Found: /static/rest_framework/js/csrf.js
Not Found: /static/rest_framework/js/ajax-form.js
Not Found: /static/rest_framework/js/jquery-3.7.1.min.js
Not Found: /static/rest_framework/js/bootstrap.min.js
Not Found: /static/rest_framework/js/default.js
Not Found: /static/rest_framework/js/prettify-min.js
Not Found: /static/rest_framework/js/load-ajax-form.js
Not Found: /static/rest_framework/css/bootstrap.min.css
Not Found: /static/rest_framework/css/prettify.css
Not Found: /static/rest_framework/css/bootstrap-tweaks.css
Not Found: /static/rest_framework/css/default.css
Not Found: /static/rest_framework/js/jquery-3.7.1.min.js
Not Found: /static/rest_framework/js/ajax-form.js
Not Found: /static/rest_framework/js/csrf.js
Not Found: /static/rest_framework/js/bootstrap.min.js
Not Found: /static/rest_framework/js/prettify-min.js
Not Found: /static/rest_framework/js/default.js
Not Found: /static/rest_framework/js/load-ajax-form.js
Not Found: /static/rest_framework/css/bootstrap-tweaks.css
Not Found: /static/rest_framework/css/default.css
Not Found: /static/rest_framework/js/jquery-3.7.1.min.js
Not Found: /static/rest_framework/js/ajax-form.js
Not Found: /static/rest_framework/js/csrf.js
Not Found: /static/rest_framework/js/bootstrap.min.js
Not Found: /static/rest_framework/css/prettify.css
Not Found: /static/rest_framework/css/bootstrap.min.css
Not Found: /static/rest_framework/js/prettify-min.js
Not Found: /static/rest_framework/js/default.js
Not Found: /static/rest_framework/js/load-ajax-form.js
Internal Server Error: /articles/
Traceback (most recent call last):
  File "/usr/local/lib/python3.12/site-packages/django/db/backends/utils.py", line 105, in _execute
    return self.cursor.execute(sql, params)
           ^^^^^^^^^^^^^^^^^^^^^^^^^^^^^^^^
  File "/usr/local/lib/python3.12/site-packages/psycopg/cursor.py", line 97, in execute
    raise ex.with_traceback(None)
psycopg.errors.UndefinedTable: relation "scraper_article" does not exist
LINE 1: ...per_article"."url", "scraper_article"."date" FROM "scraper_a...
                                                             ^

The above exception was the direct cause of the following exception:

Traceback (most recent call last):
  File "/usr/local/lib/python3.12/site-packages/django/core/handlers/exception.py", line 55, in inner
    response = get_response(request)
               ^^^^^^^^^^^^^^^^^^^^^
  File "/usr/local/lib/python3.12/site-packages/django/core/handlers/base.py", line 197, in _get_response
    response = wrapped_callback(request, *callback_args, **callback_kwargs)
               ^^^^^^^^^^^^^^^^^^^^^^^^^^^^^^^^^^^^^^^^^^^^^^^^^^^^^^^^^^^^
  File "/usr/local/lib/python3.12/site-packages/django/views/decorators/csrf.py", line 65, in _view_wrapper
    return view_func(request, *args, **kwargs)
           ^^^^^^^^^^^^^^^^^^^^^^^^^^^^^^^^^^^
  File "/usr/local/lib/python3.12/site-packages/rest_framework/viewsets.py", line 125, in view
    return self.dispatch(request, *args, **kwargs)
           ^^^^^^^^^^^^^^^^^^^^^^^^^^^^^^^^^^^^^^^
  File "/usr/local/lib/python3.12/site-packages/rest_framework/views.py", line 515, in dispatch
    response = self.handle_exception(exc)
               ^^^^^^^^^^^^^^^^^^^^^^^^^^
  File "/usr/local/lib/python3.12/site-packages/rest_framework/views.py", line 475, in handle_exception
    self.raise_uncaught_exception(exc)
  File "/usr/local/lib/python3.12/site-packages/rest_framework/views.py", line 486, in raise_uncaught_exception
    raise exc
  File "/usr/local/lib/python3.12/site-packages/rest_framework/views.py", line 512, in dispatch
    response = handler(request, *args, **kwargs)
               ^^^^^^^^^^^^^^^^^^^^^^^^^^^^^^^^^
  File "/usr/local/lib/python3.12/site-packages/rest_framework/mixins.py", line 46, in list
    return Response(serializer.data)
                    ^^^^^^^^^^^^^^^
  File "/usr/local/lib/python3.12/site-packages/rest_framework/serializers.py", line 797, in data
    ret = super().data
          ^^^^^^^^^^^^
  File "/usr/local/lib/python3.12/site-packages/rest_framework/serializers.py", line 251, in data
    self._data = self.to_representation(self.instance)
                 ^^^^^^^^^^^^^^^^^^^^^^^^^^^^^^^^^^^^^
  File "/usr/local/lib/python3.12/site-packages/rest_framework/serializers.py", line 716, in to_representation
    self.child.to_representation(item) for item in iterable
                                                   ^^^^^^^^
  File "/usr/local/lib/python3.12/site-packages/django/db/models/query.py", line 384, in __iter__
    self._fetch_all()
  File "/usr/local/lib/python3.12/site-packages/django/db/models/query.py", line 1949, in _fetch_all
    self._result_cache = list(self._iterable_class(self))
                         ^^^^^^^^^^^^^^^^^^^^^^^^^^^^^^^^
  File "/usr/local/lib/python3.12/site-packages/django/db/models/query.py", line 91, in __iter__
    results = compiler.execute_sql(
              ^^^^^^^^^^^^^^^^^^^^^
  File "/usr/local/lib/python3.12/site-packages/django/db/models/sql/compiler.py", line 1623, in execute_sql
    cursor.execute(sql, params)
  File "/usr/local/lib/python3.12/site-packages/django/db/backends/utils.py", line 122, in execute
    return super().execute(sql, params)
           ^^^^^^^^^^^^^^^^^^^^^^^^^^^^
  File "/usr/local/lib/python3.12/site-packages/django/db/backends/utils.py", line 79, in execute
    return self._execute_with_wrappers(
           ^^^^^^^^^^^^^^^^^^^^^^^^^^^^
  File "/usr/local/lib/python3.12/site-packages/django/db/backends/utils.py", line 92, in _execute_with_wrappers
    return executor(sql, params, many, context)
           ^^^^^^^^^^^^^^^^^^^^^^^^^^^^^^^^^^^^
  File "/usr/local/lib/python3.12/site-packages/django/db/backends/utils.py", line 100, in _execute
    with self.db.wrap_database_errors:
         ^^^^^^^^^^^^^^^^^^^^^^^^^^^^
  File "/usr/local/lib/python3.12/site-packages/django/db/utils.py", line 91, in __exit__
    raise dj_exc_value.with_traceback(traceback) from exc_value
  File "/usr/local/lib/python3.12/site-packages/django/db/backends/utils.py", line 105, in _execute
    return self.cursor.execute(sql, params)
           ^^^^^^^^^^^^^^^^^^^^^^^^^^^^^^^^
  File "/usr/local/lib/python3.12/site-packages/psycopg/cursor.py", line 97, in execute
    raise ex.with_traceback(None)
django.db.utils.ProgrammingError: relation "scraper_article" does not exist
LINE 1: ...per_article"."url", "scraper_article"."date" FROM "scraper_a...
                                                             ^
Internal Server Error: /articles/
Traceback (most recent call last):
  File "/usr/local/lib/python3.12/site-packages/django/db/backends/utils.py", line 105, in _execute
    return self.cursor.execute(sql, params)
           ^^^^^^^^^^^^^^^^^^^^^^^^^^^^^^^^
  File "/usr/local/lib/python3.12/site-packages/psycopg/cursor.py", line 97, in execute
    raise ex.with_traceback(None)
psycopg.errors.UndefinedTable: relation "scraper_article" does not exist
LINE 1: ...per_article"."url", "scraper_article"."date" FROM "scraper_a...
                                                             ^

The above exception was the direct cause of the following exception:

Traceback (most recent call last):
  File "/usr/local/lib/python3.12/site-packages/django/core/handlers/exception.py", line 55, in inner
    response = get_response(request)
               ^^^^^^^^^^^^^^^^^^^^^
  File "/usr/local/lib/python3.12/site-packages/django/core/handlers/base.py", line 197, in _get_response
    response = wrapped_callback(request, *callback_args, **callback_kwargs)
               ^^^^^^^^^^^^^^^^^^^^^^^^^^^^^^^^^^^^^^^^^^^^^^^^^^^^^^^^^^^^
  File "/usr/local/lib/python3.12/site-packages/django/views/decorators/csrf.py", line 65, in _view_wrapper
    return view_func(request, *args, **kwargs)
           ^^^^^^^^^^^^^^^^^^^^^^^^^^^^^^^^^^^
  File "/usr/local/lib/python3.12/site-packages/rest_framework/viewsets.py", line 125, in view
    return self.dispatch(request, *args, **kwargs)
           ^^^^^^^^^^^^^^^^^^^^^^^^^^^^^^^^^^^^^^^
  File "/usr/local/lib/python3.12/site-packages/rest_framework/views.py", line 515, in dispatch
    response = self.handle_exception(exc)
               ^^^^^^^^^^^^^^^^^^^^^^^^^^
  File "/usr/local/lib/python3.12/site-packages/rest_framework/views.py", line 475, in handle_exception
    self.raise_uncaught_exception(exc)
  File "/usr/local/lib/python3.12/site-packages/rest_framework/views.py", line 486, in raise_uncaught_exception
    raise exc
  File "/usr/local/lib/python3.12/site-packages/rest_framework/views.py", line 512, in dispatch
    response = handler(request, *args, **kwargs)
               ^^^^^^^^^^^^^^^^^^^^^^^^^^^^^^^^^
  File "/usr/local/lib/python3.12/site-packages/rest_framework/mixins.py", line 46, in list
    return Response(serializer.data)
                    ^^^^^^^^^^^^^^^
  File "/usr/local/lib/python3.12/site-packages/rest_framework/serializers.py", line 797, in data
    ret = super().data
          ^^^^^^^^^^^^
  File "/usr/local/lib/python3.12/site-packages/rest_framework/serializers.py", line 251, in data
    self._data = self.to_representation(self.instance)
                 ^^^^^^^^^^^^^^^^^^^^^^^^^^^^^^^^^^^^^
  File "/usr/local/lib/python3.12/site-packages/rest_framework/serializers.py", line 716, in to_representation
    self.child.to_representation(item) for item in iterable
                                                   ^^^^^^^^
  File "/usr/local/lib/python3.12/site-packages/django/db/models/query.py", line 384, in __iter__
    self._fetch_all()
  File "/usr/local/lib/python3.12/site-packages/django/db/models/query.py", line 1949, in _fetch_all
    self._result_cache = list(self._iterable_class(self))
                         ^^^^^^^^^^^^^^^^^^^^^^^^^^^^^^^^
  File "/usr/local/lib/python3.12/site-packages/django/db/models/query.py", line 91, in __iter__
    results = compiler.execute_sql(
              ^^^^^^^^^^^^^^^^^^^^^
  File "/usr/local/lib/python3.12/site-packages/django/db/models/sql/compiler.py", line 1623, in execute_sql
    cursor.execute(sql, params)
  File "/usr/local/lib/python3.12/site-packages/django/db/backends/utils.py", line 122, in execute
    return super().execute(sql, params)
           ^^^^^^^^^^^^^^^^^^^^^^^^^^^^
  File "/usr/local/lib/python3.12/site-packages/django/db/backends/utils.py", line 79, in execute
    return self._execute_with_wrappers(
           ^^^^^^^^^^^^^^^^^^^^^^^^^^^^
  File "/usr/local/lib/python3.12/site-packages/django/db/backends/utils.py", line 92, in _execute_with_wrappers
    return executor(sql, params, many, context)
           ^^^^^^^^^^^^^^^^^^^^^^^^^^^^^^^^^^^^
  File "/usr/local/lib/python3.12/site-packages/django/db/backends/utils.py", line 100, in _execute
    with self.db.wrap_database_errors:
         ^^^^^^^^^^^^^^^^^^^^^^^^^^^^
  File "/usr/local/lib/python3.12/site-packages/django/db/utils.py", line 91, in __exit__
    raise dj_exc_value.with_traceback(traceback) from exc_value
  File "/usr/local/lib/python3.12/site-packages/django/db/backends/utils.py", line 105, in _execute
    return self.cursor.execute(sql, params)
           ^^^^^^^^^^^^^^^^^^^^^^^^^^^^^^^^
  File "/usr/local/lib/python3.12/site-packages/psycopg/cursor.py", line 97, in execute
    raise ex.with_traceback(None)
django.db.utils.ProgrammingError: relation "scraper_article" does not exist
LINE 1: ...per_article"."url", "scraper_article"."date" FROM "scraper_a...
                                                             ^
Not Found: /.well-known/appspecific/com.chrome.devtools.json
Not Found: /static/rest_framework/css/bootstrap-tweaks.css
Not Found: /static/rest_framework/css/prettify.css
Not Found: /static/rest_framework/css/default.css
Not Found: /static/rest_framework/js/jquery-3.7.1.min.js
Not Found: /static/rest_framework/js/ajax-form.js
Not Found: /static/rest_framework/js/csrf.js
Not Found: /static/rest_framework/js/bootstrap.min.js
Not Found: /static/rest_framework/js/prettify-min.js
Not Found: /static/rest_framework/js/default.js
Not Found: /static/rest_framework/js/load-ajax-form.js
Not Found: /static/rest_framework/css/bootstrap.min.css
Not Found: /static/rest_framework/css/bootstrap.min.css
Not Found: /static/rest_framework/css/bootstrap-tweaks.css
Not Found: /static/rest_framework/css/prettify.css
Not Found: /static/rest_framework/css/default.css
Not Found: /static/rest_framework/js/jquery-3.7.1.min.js
Not Found: /static/rest_framework/js/ajax-form.js
Not Found: /static/rest_framework/js/csrf.js
Not Found: /static/rest_framework/js/prettify-min.js
Not Found: /static/rest_framework/js/bootstrap.min.js
Not Found: /static/rest_framework/js/default.js
Not Found: /static/rest_framework/js/load-ajax-form.js
Internal Server Error: /articles/
Traceback (most recent call last):
  File "/usr/local/lib/python3.12/site-packages/django/db/backends/utils.py", line 105, in _execute
    return self.cursor.execute(sql, params)
           ^^^^^^^^^^^^^^^^^^^^^^^^^^^^^^^^
  File "/usr/local/lib/python3.12/site-packages/psycopg/cursor.py", line 97, in execute
    raise ex.with_traceback(None)
psycopg.errors.UndefinedTable: relation "scraper_article" does not exist
LINE 1: ...per_article"."url", "scraper_article"."date" FROM "scraper_a...
                                                             ^

The above exception was the direct cause of the following exception:

Traceback (most recent call last):
  File "/usr/local/lib/python3.12/site-packages/django/core/handlers/exception.py", line 55, in inner
    response = get_response(request)
               ^^^^^^^^^^^^^^^^^^^^^
  File "/usr/local/lib/python3.12/site-packages/django/core/handlers/base.py", line 197, in _get_response
    response = wrapped_callback(request, *callback_args, **callback_kwargs)
               ^^^^^^^^^^^^^^^^^^^^^^^^^^^^^^^^^^^^^^^^^^^^^^^^^^^^^^^^^^^^
  File "/usr/local/lib/python3.12/site-packages/django/views/decorators/csrf.py", line 65, in _view_wrapper
    return view_func(request, *args, **kwargs)
           ^^^^^^^^^^^^^^^^^^^^^^^^^^^^^^^^^^^
  File "/usr/local/lib/python3.12/site-packages/rest_framework/viewsets.py", line 125, in view
    return self.dispatch(request, *args, **kwargs)
           ^^^^^^^^^^^^^^^^^^^^^^^^^^^^^^^^^^^^^^^
  File "/usr/local/lib/python3.12/site-packages/rest_framework/views.py", line 515, in dispatch
    response = self.handle_exception(exc)
               ^^^^^^^^^^^^^^^^^^^^^^^^^^
  File "/usr/local/lib/python3.12/site-packages/rest_framework/views.py", line 475, in handle_exception
    self.raise_uncaught_exception(exc)
  File "/usr/local/lib/python3.12/site-packages/rest_framework/views.py", line 486, in raise_uncaught_exception
    raise exc
  File "/usr/local/lib/python3.12/site-packages/rest_framework/views.py", line 512, in dispatch
    response = handler(request, *args, **kwargs)
               ^^^^^^^^^^^^^^^^^^^^^^^^^^^^^^^^^
  File "/usr/local/lib/python3.12/site-packages/rest_framework/mixins.py", line 46, in list
    return Response(serializer.data)
                    ^^^^^^^^^^^^^^^
  File "/usr/local/lib/python3.12/site-packages/rest_framework/serializers.py", line 797, in data
    ret = super().data
          ^^^^^^^^^^^^
  File "/usr/local/lib/python3.12/site-packages/rest_framework/serializers.py", line 251, in data
    self._data = self.to_representation(self.instance)
                 ^^^^^^^^^^^^^^^^^^^^^^^^^^^^^^^^^^^^^
  File "/usr/local/lib/python3.12/site-packages/rest_framework/serializers.py", line 716, in to_representation
    self.child.to_representation(item) for item in iterable
                                                   ^^^^^^^^
  File "/usr/local/lib/python3.12/site-packages/django/db/models/query.py", line 384, in __iter__
    self._fetch_all()
  File "/usr/local/lib/python3.12/site-packages/django/db/models/query.py", line 1949, in _fetch_all
    self._result_cache = list(self._iterable_class(self))
                         ^^^^^^^^^^^^^^^^^^^^^^^^^^^^^^^^
  File "/usr/local/lib/python3.12/site-packages/django/db/models/query.py", line 91, in __iter__
    results = compiler.execute_sql(
              ^^^^^^^^^^^^^^^^^^^^^
  File "/usr/local/lib/python3.12/site-packages/django/db/models/sql/compiler.py", line 1623, in execute_sql
    cursor.execute(sql, params)
  File "/usr/local/lib/python3.12/site-packages/django/db/backends/utils.py", line 122, in execute
    return super().execute(sql, params)
           ^^^^^^^^^^^^^^^^^^^^^^^^^^^^
  File "/usr/local/lib/python3.12/site-packages/django/db/backends/utils.py", line 79, in execute
    return self._execute_with_wrappers(
           ^^^^^^^^^^^^^^^^^^^^^^^^^^^^
  File "/usr/local/lib/python3.12/site-packages/django/db/backends/utils.py", line 92, in _execute_with_wrappers
    return executor(sql, params, many, context)
           ^^^^^^^^^^^^^^^^^^^^^^^^^^^^^^^^^^^^
  File "/usr/local/lib/python3.12/site-packages/django/db/backends/utils.py", line 100, in _execute
    with self.db.wrap_database_errors:
         ^^^^^^^^^^^^^^^^^^^^^^^^^^^^
  File "/usr/local/lib/python3.12/site-packages/django/db/utils.py", line 91, in __exit__
    raise dj_exc_value.with_traceback(traceback) from exc_value
  File "/usr/local/lib/python3.12/site-packages/django/db/backends/utils.py", line 105, in _execute
    return self.cursor.execute(sql, params)
           ^^^^^^^^^^^^^^^^^^^^^^^^^^^^^^^^
  File "/usr/local/lib/python3.12/site-packages/psycopg/cursor.py", line 97, in execute
    raise ex.with_traceback(None)
django.db.utils.ProgrammingError: relation "scraper_article" does not exist
LINE 1: ...per_article"."url", "scraper_article"."date" FROM "scraper_a...
                                                             ^
Internal Server Error: /articles/
Traceback (most recent call last):
  File "/usr/local/lib/python3.12/site-packages/django/db/backends/utils.py", line 105, in _execute
    return self.cursor.execute(sql, params)
           ^^^^^^^^^^^^^^^^^^^^^^^^^^^^^^^^
  File "/usr/local/lib/python3.12/site-packages/psycopg/cursor.py", line 97, in execute
    raise ex.with_traceback(None)
psycopg.errors.UndefinedTable: relation "scraper_article" does not exist
LINE 1: ...per_article"."url", "scraper_article"."date" FROM "scraper_a...
                                                             ^

The above exception was the direct cause of the following exception:

Traceback (most recent call last):
  File "/usr/local/lib/python3.12/site-packages/django/core/handlers/exception.py", line 55, in inner
    response = get_response(request)
               ^^^^^^^^^^^^^^^^^^^^^
  File "/usr/local/lib/python3.12/site-packages/django/core/handlers/base.py", line 197, in _get_response
    response = wrapped_callback(request, *callback_args, **callback_kwargs)
               ^^^^^^^^^^^^^^^^^^^^^^^^^^^^^^^^^^^^^^^^^^^^^^^^^^^^^^^^^^^^
  File "/usr/local/lib/python3.12/site-packages/django/views/decorators/csrf.py", line 65, in _view_wrapper
    return view_func(request, *args, **kwargs)
           ^^^^^^^^^^^^^^^^^^^^^^^^^^^^^^^^^^^
  File "/usr/local/lib/python3.12/site-packages/rest_framework/viewsets.py", line 125, in view
    return self.dispatch(request, *args, **kwargs)
           ^^^^^^^^^^^^^^^^^^^^^^^^^^^^^^^^^^^^^^^
  File "/usr/local/lib/python3.12/site-packages/rest_framework/views.py", line 515, in dispatch
    response = self.handle_exception(exc)
               ^^^^^^^^^^^^^^^^^^^^^^^^^^
  File "/usr/local/lib/python3.12/site-packages/rest_framework/views.py", line 475, in handle_exception
    self.raise_uncaught_exception(exc)
  File "/usr/local/lib/python3.12/site-packages/rest_framework/views.py", line 486, in raise_uncaught_exception
    raise exc
  File "/usr/local/lib/python3.12/site-packages/rest_framework/views.py", line 512, in dispatch
    response = handler(request, *args, **kwargs)
               ^^^^^^^^^^^^^^^^^^^^^^^^^^^^^^^^^
  File "/usr/local/lib/python3.12/site-packages/rest_framework/mixins.py", line 46, in list
    return Response(serializer.data)
                    ^^^^^^^^^^^^^^^
  File "/usr/local/lib/python3.12/site-packages/rest_framework/serializers.py", line 797, in data
    ret = super().data
          ^^^^^^^^^^^^
  File "/usr/local/lib/python3.12/site-packages/rest_framework/serializers.py", line 251, in data
    self._data = self.to_representation(self.instance)
                 ^^^^^^^^^^^^^^^^^^^^^^^^^^^^^^^^^^^^^
  File "/usr/local/lib/python3.12/site-packages/rest_framework/serializers.py", line 716, in to_representation
    self.child.to_representation(item) for item in iterable
                                                   ^^^^^^^^
  File "/usr/local/lib/python3.12/site-packages/django/db/models/query.py", line 384, in __iter__
    self._fetch_all()
  File "/usr/local/lib/python3.12/site-packages/django/db/models/query.py", line 1949, in _fetch_all
    self._result_cache = list(self._iterable_class(self))
                         ^^^^^^^^^^^^^^^^^^^^^^^^^^^^^^^^
  File "/usr/local/lib/python3.12/site-packages/django/db/models/query.py", line 91, in __iter__
    results = compiler.execute_sql(
              ^^^^^^^^^^^^^^^^^^^^^
  File "/usr/local/lib/python3.12/site-packages/django/db/models/sql/compiler.py", line 1623, in execute_sql
    cursor.execute(sql, params)
  File "/usr/local/lib/python3.12/site-packages/django/db/backends/utils.py", line 122, in execute
    return super().execute(sql, params)
           ^^^^^^^^^^^^^^^^^^^^^^^^^^^^
  File "/usr/local/lib/python3.12/site-packages/django/db/backends/utils.py", line 79, in execute
    return self._execute_with_wrappers(
           ^^^^^^^^^^^^^^^^^^^^^^^^^^^^
  File "/usr/local/lib/python3.12/site-packages/django/db/backends/utils.py", line 92, in _execute_with_wrappers
    return executor(sql, params, many, context)
           ^^^^^^^^^^^^^^^^^^^^^^^^^^^^^^^^^^^^
  File "/usr/local/lib/python3.12/site-packages/django/db/backends/utils.py", line 100, in _execute
    with self.db.wrap_database_errors:
         ^^^^^^^^^^^^^^^^^^^^^^^^^^^^
  File "/usr/local/lib/python3.12/site-packages/django/db/utils.py", line 91, in __exit__
    raise dj_exc_value.with_traceback(traceback) from exc_value
  File "/usr/local/lib/python3.12/site-packages/django/db/backends/utils.py", line 105, in _execute
    return self.cursor.execute(sql, params)
           ^^^^^^^^^^^^^^^^^^^^^^^^^^^^^^^^
  File "/usr/local/lib/python3.12/site-packages/psycopg/cursor.py", line 97, in execute
    raise ex.with_traceback(None)
django.db.utils.ProgrammingError: relation "scraper_article" does not exist
LINE 1: ...per_article"."url", "scraper_article"."date" FROM "scraper_a...
                                                             ^
Internal Server Error: /articles/
Traceback (most recent call last):
  File "/usr/local/lib/python3.12/site-packages/django/db/backends/utils.py", line 105, in _execute
    return self.cursor.execute(sql, params)
           ^^^^^^^^^^^^^^^^^^^^^^^^^^^^^^^^
  File "/usr/local/lib/python3.12/site-packages/psycopg/cursor.py", line 97, in execute
    raise ex.with_traceback(None)
psycopg.errors.UndefinedTable: relation "scraper_article" does not exist
LINE 1: ...per_article"."url", "scraper_article"."date" FROM "scraper_a...
                                                             ^

The above exception was the direct cause of the following exception:

Traceback (most recent call last):
  File "/usr/local/lib/python3.12/site-packages/django/core/handlers/exception.py", line 55, in inner
    response = get_response(request)
               ^^^^^^^^^^^^^^^^^^^^^
  File "/usr/local/lib/python3.12/site-packages/django/core/handlers/base.py", line 197, in _get_response
    response = wrapped_callback(request, *callback_args, **callback_kwargs)
               ^^^^^^^^^^^^^^^^^^^^^^^^^^^^^^^^^^^^^^^^^^^^^^^^^^^^^^^^^^^^
  File "/usr/local/lib/python3.12/site-packages/django/views/decorators/csrf.py", line 65, in _view_wrapper
    return view_func(request, *args, **kwargs)
           ^^^^^^^^^^^^^^^^^^^^^^^^^^^^^^^^^^^
  File "/usr/local/lib/python3.12/site-packages/rest_framework/viewsets.py", line 125, in view
    return self.dispatch(request, *args, **kwargs)
           ^^^^^^^^^^^^^^^^^^^^^^^^^^^^^^^^^^^^^^^
  File "/usr/local/lib/python3.12/site-packages/rest_framework/views.py", line 515, in dispatch
    response = self.handle_exception(exc)
               ^^^^^^^^^^^^^^^^^^^^^^^^^^
  File "/usr/local/lib/python3.12/site-packages/rest_framework/views.py", line 475, in handle_exception
    self.raise_uncaught_exception(exc)
  File "/usr/local/lib/python3.12/site-packages/rest_framework/views.py", line 486, in raise_uncaught_exception
    raise exc
  File "/usr/local/lib/python3.12/site-packages/rest_framework/views.py", line 512, in dispatch
    response = handler(request, *args, **kwargs)
               ^^^^^^^^^^^^^^^^^^^^^^^^^^^^^^^^^
  File "/usr/local/lib/python3.12/site-packages/rest_framework/mixins.py", line 46, in list
    return Response(serializer.data)
                    ^^^^^^^^^^^^^^^
  File "/usr/local/lib/python3.12/site-packages/rest_framework/serializers.py", line 797, in data
    ret = super().data
          ^^^^^^^^^^^^
  File "/usr/local/lib/python3.12/site-packages/rest_framework/serializers.py", line 251, in data
    self._data = self.to_representation(self.instance)
                 ^^^^^^^^^^^^^^^^^^^^^^^^^^^^^^^^^^^^^
  File "/usr/local/lib/python3.12/site-packages/rest_framework/serializers.py", line 716, in to_representation
    self.child.to_representation(item) for item in iterable
                                                   ^^^^^^^^
  File "/usr/local/lib/python3.12/site-packages/django/db/models/query.py", line 384, in __iter__
    self._fetch_all()
  File "/usr/local/lib/python3.12/site-packages/django/db/models/query.py", line 1949, in _fetch_all
    self._result_cache = list(self._iterable_class(self))
                         ^^^^^^^^^^^^^^^^^^^^^^^^^^^^^^^^
  File "/usr/local/lib/python3.12/site-packages/django/db/models/query.py", line 91, in __iter__
    results = compiler.execute_sql(
              ^^^^^^^^^^^^^^^^^^^^^
  File "/usr/local/lib/python3.12/site-packages/django/db/models/sql/compiler.py", line 1623, in execute_sql
    cursor.execute(sql, params)
  File "/usr/local/lib/python3.12/site-packages/django/db/backends/utils.py", line 122, in execute
    return super().execute(sql, params)
           ^^^^^^^^^^^^^^^^^^^^^^^^^^^^
  File "/usr/local/lib/python3.12/site-packages/django/db/backends/utils.py", line 79, in execute
    return self._execute_with_wrappers(
           ^^^^^^^^^^^^^^^^^^^^^^^^^^^^
  File "/usr/local/lib/python3.12/site-packages/django/db/backends/utils.py", line 92, in _execute_with_wrappers
    return executor(sql, params, many, context)
           ^^^^^^^^^^^^^^^^^^^^^^^^^^^^^^^^^^^^
  File "/usr/local/lib/python3.12/site-packages/django/db/backends/utils.py", line 100, in _execute
    with self.db.wrap_database_errors:
         ^^^^^^^^^^^^^^^^^^^^^^^^^^^^
  File "/usr/local/lib/python3.12/site-packages/django/db/utils.py", line 91, in __exit__
    raise dj_exc_value.with_traceback(traceback) from exc_value
  File "/usr/local/lib/python3.12/site-packages/django/db/backends/utils.py", line 105, in _execute
    return self.cursor.execute(sql, params)
           ^^^^^^^^^^^^^^^^^^^^^^^^^^^^^^^^
  File "/usr/local/lib/python3.12/site-packages/psycopg/cursor.py", line 97, in execute
    raise ex.with_traceback(None)
django.db.utils.ProgrammingError: relation "scraper_article" does not exist
LINE 1: ...per_article"."url", "scraper_article"."date" FROM "scraper_a...
                                                             ^
Not Found: /static/rest_framework/css/bootstrap-tweaks.css
Not Found: /static/rest_framework/css/prettify.css
Not Found: /static/rest_framework/css/default.css
Not Found: /static/rest_framework/js/jquery-3.7.1.min.js
Not Found: /static/rest_framework/js/ajax-form.js
Not Found: /static/rest_framework/js/csrf.js
Not Found: /static/rest_framework/js/bootstrap.min.js
Not Found: /static/rest_framework/js/prettify-min.js
Not Found: /static/rest_framework/js/default.js
Not Found: /static/rest_framework/js/load-ajax-form.js
Not Found: /static/rest_framework/css/bootstrap.min.css
Not Found: /static/rest_framework/css/bootstrap.min.css
Not Found: /static/rest_framework/css/prettify.css
Not Found: /static/rest_framework/css/bootstrap-tweaks.css
Not Found: /static/rest_framework/css/default.css
Not Found: /static/rest_framework/js/ajax-form.js
Not Found: /static/rest_framework/js/jquery-3.7.1.min.js
Not Found: /static/rest_framework/js/bootstrap.min.js
Not Found: /static/rest_framework/js/prettify-min.js
Not Found: /static/rest_framework/js/csrf.js
Not Found: /static/rest_framework/js/default.js
Not Found: /static/rest_framework/js/load-ajax-form.js
Not Found: /static/rest_framework/css/bootstrap.min.css
Not Found: /static/rest_framework/css/bootstrap-tweaks.css
Not Found: /static/rest_framework/css/prettify.css
Not Found: /static/rest_framework/css/default.css
Not Found: /static/rest_framework/js/jquery-3.7.1.min.js
Not Found: /static/rest_framework/js/ajax-form.js
Not Found: /static/rest_framework/js/bootstrap.min.js
Not Found: /static/rest_framework/js/csrf.js
Not Found: /static/rest_framework/js/prettify-min.js
Not Found: /static/rest_framework/js/load-ajax-form.js
Not Found: /static/rest_framework/js/default.js
Successfully imported extension module "markdown.extensions.toc".
Successfully loaded extension "markdown.extensions.toc.TocExtension".
Not Found: /static/rest_framework/css/prettify.css
Not Found: /static/rest_framework/css/default.css
Not Found: /static/rest_framework/js/jquery-3.7.1.min.js
Not Found: /static/rest_framework/js/ajax-form.js
Not Found: /static/rest_framework/js/csrf.js
Not Found: /static/rest_framework/js/bootstrap.min.js
Not Found: /static/rest_framework/css/bootstrap.min.css
Not Found: /static/rest_framework/css/bootstrap-tweaks.css
Not Found: /static/rest_framework/js/default.js
Not Found: /static/rest_framework/js/prettify-min.js
Not Found: /static/rest_framework/js/load-ajax-form.js
Internal Server Error: /articles/
Traceback (most recent call last):
  File "/usr/local/lib/python3.12/site-packages/django/db/backends/utils.py", line 105, in _execute
    return self.cursor.execute(sql, params)
           ^^^^^^^^^^^^^^^^^^^^^^^^^^^^^^^^
  File "/usr/local/lib/python3.12/site-packages/psycopg/cursor.py", line 97, in execute
    raise ex.with_traceback(None)
psycopg.errors.UndefinedTable: relation "scraper_article" does not exist
LINE 1: ...per_article"."url", "scraper_article"."date" FROM "scraper_a...
                                                             ^

The above exception was the direct cause of the following exception:

Traceback (most recent call last):
  File "/usr/local/lib/python3.12/site-packages/django/core/handlers/exception.py", line 55, in inner
    response = get_response(request)
               ^^^^^^^^^^^^^^^^^^^^^
  File "/usr/local/lib/python3.12/site-packages/django/core/handlers/base.py", line 197, in _get_response
    response = wrapped_callback(request, *callback_args, **callback_kwargs)
               ^^^^^^^^^^^^^^^^^^^^^^^^^^^^^^^^^^^^^^^^^^^^^^^^^^^^^^^^^^^^
  File "/usr/local/lib/python3.12/site-packages/django/views/decorators/csrf.py", line 65, in _view_wrapper
    return view_func(request, *args, **kwargs)
           ^^^^^^^^^^^^^^^^^^^^^^^^^^^^^^^^^^^
  File "/usr/local/lib/python3.12/site-packages/rest_framework/viewsets.py", line 125, in view
    return self.dispatch(request, *args, **kwargs)
           ^^^^^^^^^^^^^^^^^^^^^^^^^^^^^^^^^^^^^^^
  File "/usr/local/lib/python3.12/site-packages/rest_framework/views.py", line 515, in dispatch
    response = self.handle_exception(exc)
               ^^^^^^^^^^^^^^^^^^^^^^^^^^
  File "/usr/local/lib/python3.12/site-packages/rest_framework/views.py", line 475, in handle_exception
    self.raise_uncaught_exception(exc)
  File "/usr/local/lib/python3.12/site-packages/rest_framework/views.py", line 486, in raise_uncaught_exception
    raise exc
  File "/usr/local/lib/python3.12/site-packages/rest_framework/views.py", line 512, in dispatch
    response = handler(request, *args, **kwargs)
               ^^^^^^^^^^^^^^^^^^^^^^^^^^^^^^^^^
  File "/usr/local/lib/python3.12/site-packages/rest_framework/mixins.py", line 46, in list
    return Response(serializer.data)
                    ^^^^^^^^^^^^^^^
  File "/usr/local/lib/python3.12/site-packages/rest_framework/serializers.py", line 797, in data
    ret = super().data
          ^^^^^^^^^^^^
  File "/usr/local/lib/python3.12/site-packages/rest_framework/serializers.py", line 251, in data
    self._data = self.to_representation(self.instance)
                 ^^^^^^^^^^^^^^^^^^^^^^^^^^^^^^^^^^^^^
  File "/usr/local/lib/python3.12/site-packages/rest_framework/serializers.py", line 716, in to_representation
    self.child.to_representation(item) for item in iterable
                                                   ^^^^^^^^
  File "/usr/local/lib/python3.12/site-packages/django/db/models/query.py", line 384, in __iter__
    self._fetch_all()
  File "/usr/local/lib/python3.12/site-packages/django/db/models/query.py", line 1949, in _fetch_all
    self._result_cache = list(self._iterable_class(self))
                         ^^^^^^^^^^^^^^^^^^^^^^^^^^^^^^^^
  File "/usr/local/lib/python3.12/site-packages/django/db/models/query.py", line 91, in __iter__
    results = compiler.execute_sql(
              ^^^^^^^^^^^^^^^^^^^^^
  File "/usr/local/lib/python3.12/site-packages/django/db/models/sql/compiler.py", line 1623, in execute_sql
    cursor.execute(sql, params)
  File "/usr/local/lib/python3.12/site-packages/django/db/backends/utils.py", line 122, in execute
    return super().execute(sql, params)
           ^^^^^^^^^^^^^^^^^^^^^^^^^^^^
  File "/usr/local/lib/python3.12/site-packages/django/db/backends/utils.py", line 79, in execute
    return self._execute_with_wrappers(
           ^^^^^^^^^^^^^^^^^^^^^^^^^^^^
  File "/usr/local/lib/python3.12/site-packages/django/db/backends/utils.py", line 92, in _execute_with_wrappers
    return executor(sql, params, many, context)
           ^^^^^^^^^^^^^^^^^^^^^^^^^^^^^^^^^^^^
  File "/usr/local/lib/python3.12/site-packages/django/db/backends/utils.py", line 100, in _execute
    with self.db.wrap_database_errors:
         ^^^^^^^^^^^^^^^^^^^^^^^^^^^^
  File "/usr/local/lib/python3.12/site-packages/django/db/utils.py", line 91, in __exit__
    raise dj_exc_value.with_traceback(traceback) from exc_value
  File "/usr/local/lib/python3.12/site-packages/django/db/backends/utils.py", line 105, in _execute
    return self.cursor.execute(sql, params)
           ^^^^^^^^^^^^^^^^^^^^^^^^^^^^^^^^
  File "/usr/local/lib/python3.12/site-packages/psycopg/cursor.py", line 97, in execute
    raise ex.with_traceback(None)
django.db.utils.ProgrammingError: relation "scraper_article" does not exist
LINE 1: ...per_article"."url", "scraper_article"."date" FROM "scraper_a...
                                                             ^
Successfully imported extension module "markdown.extensions.toc".
Successfully loaded extension "markdown.extensions.toc.TocExtension".
Not Found: /static/rest_framework/css/bootstrap.min.css
Not Found: /static/rest_framework/css/prettify.css
Not Found: /static/rest_framework/css/default.css
Not Found: /static/rest_framework/js/jquery-3.7.1.min.js
Not Found: /static/rest_framework/js/ajax-form.js
Not Found: /static/rest_framework/js/csrf.js
Not Found: /static/rest_framework/js/bootstrap.min.js
Not Found: /static/rest_framework/js/prettify-min.js
Not Found: /static/rest_framework/js/default.js
Not Found: /static/rest_framework/js/load-ajax-form.js
Not Found: /static/rest_framework/css/bootstrap-tweaks.css
Successfully imported extension module "markdown.extensions.toc".
Successfully loaded extension "markdown.extensions.toc.TocExtension".
Not Found: /static/rest_framework/css/bootstrap.min.css
Not Found: /static/rest_framework/css/bootstrap-tweaks.css
Not Found: /static/rest_framework/css/prettify.css
Not Found: /static/rest_framework/css/default.css
Not Found: /static/rest_framework/js/jquery-3.7.1.min.js
Not Found: /static/rest_framework/js/csrf.js
Not Found: /static/rest_framework/js/ajax-form.js
Not Found: /static/rest_framework/js/bootstrap.min.js
Not Found: /static/rest_framework/js/default.js
Not Found: /static/rest_framework/js/prettify-min.js
Not Found: /static/rest_framework/js/load-ajax-form.js
Successfully imported extension module "markdown.extensions.toc".
Successfully loaded extension "markdown.extensions.toc.TocExtension".
Not Found: /static/rest_framework/css/bootstrap.min.css
Not Found: /static/rest_framework/css/bootstrap-tweaks.css
Not Found: /static/rest_framework/css/prettify.css
Not Found: /static/rest_framework/css/default.css
Not Found: /static/rest_framework/js/jquery-3.7.1.min.js
Not Found: /static/rest_framework/js/csrf.js
Not Found: /static/rest_framework/js/ajax-form.js
Not Found: /static/rest_framework/js/bootstrap.min.js
Not Found: /static/rest_framework/js/prettify-min.js
Not Found: /static/rest_framework/js/default.js
Not Found: /static/rest_framework/js/load-ajax-form.js
Successfully imported extension module "markdown.extensions.toc".
Successfully loaded extension "markdown.extensions.toc.TocExtension".
Not Found: /articles]
Successfully imported extension module "markdown.extensions.toc".
Successfully loaded extension "markdown.extensions.toc.TocExtension".
Successfully imported extension module "markdown.extensions.toc".
Successfully loaded extension "markdown.extensions.toc.TocExtension".
